13:46:44 **** Incremental Build of configuration Debug for project Lab1_Tarning ****
make -j16 all 
arm-none-eabi-size  Lab1_Tarning.elf 
   text	   data	    bss	    dec	    hex	filename
   8652	     12	   1644	  10308	   2844	Lab1_Tarning.elf
Finished building: default.size.stdout
 
13:46:47 **** Incremental Build of configuration Debug for project Lab1_Tarning ****
make -j16 all 
arm-none-eabi-size  Lab1_Tarning.elf 
   text	   data	    bss	    dec	    hex	filename
   8652	     12	   1644	  10308	   2844	Lab1_Tarning.elf
Finished building: default.size.stdout
 
13:47:28 **** Incremental Build of configuration Debug for project Lab1_Tarning ****
make -j16 all 
arm-none-eabi-size  Lab1_Tarning.elf 
   text	   data	    bss	    dec	    hex	filename
   8652	     12	   1644	  10308	   2844	Lab1_Tarning.elf
Finished building: default.size.stdout
 
13:56:41 **** Incremental Build of configuration Debug for project Lab1_Tarning ****
make -j16 all 
arm-none-eabi-size  Lab1_Tarning.elf 
   text	   data	    bss	    dec	    hex	filename
   8652	     12	   1644	  10308	   2844	Lab1_Tarning.elf
Finished building: default.size.stdout
 
13:58:55 **** Incremental Build of configuration Debug for project Lab1_Tarning ****
make -j16 all 
arm-none-eabi-size  Lab1_Tarning.elf 
   text	   data	    bss	    dec	    hex	filename
   8652	     12	   1644	  10308	   2844	Lab1_Tarning.elf
Finished building: default.size.stdout
 
